Archive member included to satisfy reference by file (symbol)

/usr/bin/../lib/gcc/arm-none-eabi/7.3.1/thumb/v7-m/libgcc.a(_arm_addsubdf3.o)
                              print_clock.o (__aeabi_dsub)
/usr/bin/../lib/gcc/arm-none-eabi/7.3.1/thumb/v7-m/libgcc.a(_arm_muldivdf3.o)
                              print_clock.o (__aeabi_dmul)
/usr/bin/../lib/gcc/arm-none-eabi/7.3.1/thumb/v7-m/libgcc.a(_arm_fixdfsi.o)
                              print_clock.o (__aeabi_d2iz)
/usr/bin/../lib/gcc/arm-none-eabi/7.3.1/thumb/v7-m/libgcc.a(_aeabi_ldivmod.o)
                              rtos.o (__aeabi_ldivmod)
/usr/bin/../lib/gcc/arm-none-eabi/7.3.1/thumb/v7-m/libgcc.a(_aeabi_uldivmod.o)
                              rtos.o (__aeabi_uldivmod)
/usr/bin/../lib/gcc/arm-none-eabi/7.3.1/thumb/v7-m/libgcc.a(_udivmoddi4.o)
                              /usr/bin/../lib/gcc/arm-none-eabi/7.3.1/thumb/v7-m/libgcc.a(_aeabi_ldivmod.o) (__udivmoddi4)
/usr/bin/../lib/gcc/arm-none-eabi/7.3.1/thumb/v7-m/libgcc.a(_dvmd_tls.o)
                              /usr/bin/../lib/gcc/arm-none-eabi/7.3.1/thumb/v7-m/libgcc.a(_aeabi_ldivmod.o) (__aeabi_ldiv0)
/usr/bin/../lib/gcc/arm-none-eabi/7.3.1/../../../../arm-none-eabi/lib/thumb/v7-m/libc.a(lib_a-memcpy.o)
                              main.o (memcpy)

Allocating common symbols
Common symbol       size              file

__dso_handle        0x4               bmptk_cortex.o

Discarded input sections

 .group         0x0000000000000000        0xc print_clock.o
 .text          0x0000000000000000        0x0 print_clock.o
 .data          0x0000000000000000        0x0 print_clock.o
 .bss           0x0000000000000000        0x0 print_clock.o
 .text._ZN3due11ad_pin_infoENS_7ad_pinsE
                0x0000000000000000       0x1c print_clock.o
 .text._ZN3due11ad_seq_infoEm
                0x0000000000000000       0x20 print_clock.o
 .text._ZN5hwlib19uart_char_availableEv
                0x0000000000000000        0x4 print_clock.o
 .text._ZN5hwlib9uart_getcEv
                0x0000000000000000        0x4 print_clock.o
 .rodata._ZZN3due11ad_pin_infoENS_7ad_pinsEE17ad_pin_info_array
                0x0000000000000000        0xc print_clock.o
 .rodata._ZZN3due11ad_seq_infoEmE12ad_seq_array
                0x0000000000000000       0x70 print_clock.o
 .group         0x0000000000000000        0xc current_time.o
 .text          0x0000000000000000        0x0 current_time.o
 .data          0x0000000000000000        0x0 current_time.o
 .bss           0x0000000000000000        0x0 current_time.o
 .text._ZN6sam3xa10SystemInitEv
                0x0000000000000000       0x7c current_time.o
 .text._ZN3due8pin_infoENS_4pinsE
                0x0000000000000000       0x20 current_time.o
 .text._ZN3due11ad_pin_infoENS_7ad_pinsE
                0x0000000000000000       0x1c current_time.o
 .text._ZN3due11ad_seq_infoEm
                0x0000000000000000       0x20 current_time.o
 .text._ZN3due14port_registersEm
                0x0000000000000000       0x54 current_time.o
 .text._ZN3due12ticks_per_usEv
                0x0000000000000000        0x6 current_time.o
 .text._ZN3due9now_ticksEv
                0x0000000000000000       0x80 current_time.o
 .text._ZN5hwlib9uart_putcEc
                0x0000000000000000        0x4 current_time.o
 .text._ZN5hwlib19uart_char_availableEv
                0x0000000000000000        0x4 current_time.o
 .text._ZN5hwlib9uart_getcEv
                0x0000000000000000        0x4 current_time.o
 .bss._ZZN3due9now_ticksEvE4high
                0x0000000000000000        0x8 current_time.o
 .bss._ZZN3due9now_ticksEvE8last_low
                0x0000000000000000        0x4 current_time.o
 .bss._ZZN3due9now_ticksEvE9init_done
                0x0000000000000000        0x1 current_time.o
 .data._ZN6sam3xa15SystemCoreClockE
                0x0000000000000000        0x4 current_time.o
 .rodata._ZN3due8pin_infoENS_4pinsE.str1.1
                0x0000000000000000       0x33 current_time.o
 .rodata._ZZN3due11ad_pin_infoENS_7ad_pinsEE17ad_pin_info_array
                0x0000000000000000        0xc current_time.o
 .rodata._ZZN3due11ad_seq_infoEmE12ad_seq_array
                0x0000000000000000       0x70 current_time.o
 .rodata._ZZN3due8pin_infoENS_4pinsEE14pin_info_array
                0x0000000000000000       0xa4 current_time.o
 .data          0x0000000000000000        0x0 switch_to.o
 .bss           0x0000000000000000        0x0 switch_to.o
 .group         0x0000000000000000        0xc coroutine.o
 .text          0x0000000000000000        0x0 coroutine.o
 .data          0x0000000000000000        0x0 coroutine.o
 .bss           0x0000000000000000        0x0 coroutine.o
 .text._ZN6sam3xa10SystemInitEv
                0x0000000000000000       0x7c coroutine.o
 .text._ZN3due8pin_infoENS_4pinsE
                0x0000000000000000       0x20 coroutine.o
 .text._ZN3due11ad_pin_infoENS_7ad_pinsE
                0x0000000000000000       0x1c coroutine.o
 .text._ZN3due11ad_seq_infoEm
[...]
Memory Configuration

Name             Origin             Length             Attributes
rom              0x0000000000000000 0x0000000000080000 xr
ram              0x0000000020000000 0x0000000000018000 xrw
nul              0x0000000020018000 0x0000000000000000 xrw
*default*        0x0000000000000000 0xffffffffffffffff

Linker script and memory map

LOAD /usr/bin/../lib/gcc/arm-none-eabi/7.3.1/thumb/v7-m/libgcc.a
LOAD print_clock.o
LOAD current_time.o
LOAD switch_to.o
LOAD coroutine.o
LOAD rtos.o
LOAD hwlib.o
LOAD main.o
LOAD bmptk_cortex.o
LOAD bmptk_heap_bmptk.o
LOAD bmptk_fixed_size_stack.o
LOAD /usr/bin/../lib/gcc/arm-none-eabi/7.3.1/../../../../arm-none-eabi/lib/thumb/v7-m/libm.a
LOAD /usr/bin/../lib/gcc/arm-none-eabi/7.3.1/thumb/v7-m/libgcc.a
LOAD /usr/bin/../lib/gcc/arm-none-eabi/7.3.1/../../../../arm-none-eabi/lib/thumb/v7-m/libc.a
                0x0000000000000000                __rom_start = ORIGIN (rom)
                0x0000000000080000                __rom_size = LENGTH (rom)
                0x0000000000080000                __rom_end = (__rom_start + __rom_size)
                0x0000000020000000                __ram_start = ORIGIN (ram)
                0x0000000000018000                __ram_size = LENGTH (ram)
                0x0000000020018000                __ram_end = (__ram_start + __ram_size)
                [!provide]                        PROVIDE (__rom_start = __rom_start)
                [!provide]                        PROVIDE (__rom_size = __rom_size)
                [!provide]                        PROVIDE (__rom_end = __rom_end)
                [!provide]                        PROVIDE (__ram_start = __ram_start)
                [!provide]                        PROVIDE (__ram_size = __ram_size)
                [!provide]                        PROVIDE (__ram_end = __ram_end)

.text           0x0000000000000000     0x26f4
                0x0000000000000000                . = ALIGN (0x4)
                0x0000000000000000                __text_start = .
                [!provide]                        PROVIDE (__text_start = __text_start)
                0x0000000000000000                . = ALIGN (0x4)
 *(.vectors)
 .vectors       0x0000000000000000       0x20 bmptk_cortex.o
                0x0000000000000000                __vectors
                0x0000000000000020                . = ALIGN (0x4)
 *(.text .text.* .gnu.linkonce.t.*)
 .text._ZN6sam3xa10SystemInitEv
                0x0000000000000020       0x7c print_clock.o
                0x0000000000000020                sam3xa::SystemInit()
 .text._ZN3due8pin_infoENS_4pinsE
                0x000000000000009c       0x20 print_clock.o
                0x000000000000009c                due::pin_info(due::pins)
 .text._ZN3due14port_registersEm
                0x00000000000000bc       0x54 print_clock.o
                0x00000000000000bc                due::port_registers(unsigned long)
 .text._ZN3due12ticks_per_usEv
                0x0000000000000110        0x6 print_clock.o
                0x0000000000000110                due::ticks_per_us()
 *fill*         0x0000000000000116        0x2 
 .text._ZN3due9now_ticksEv
                0x0000000000000118       0x80 print_clock.o
                0x0000000000000118                due::now_ticks()
 .text._ZN5hwlib9uart_putcEc
                0x0000000000000198        0x4 print_clock.o
                0x0000000000000198                hwlib::uart_putc(char)
 .text._ZN11print_clock13update_anglesERKiS1_S1_
                0x000000000000019c       0x64 print_clock.o
                0x000000000000019c                print_clock::update_angles(int const&, int const&, int const&)
 .text._ZN12current_time11get_secondsEv
                0x0000000000000200        0x4 current_time.o
                0x0000000000000200                current_time::get_seconds()
 .text._ZN12current_time11get_minutesEv
                0x0000000000000204        0x4 current_time.o
                0x0000000000000204                current_time::get_minutes()
 .text._ZN12current_time9get_hoursEv
                0x0000000000000208        0x4 current_time.o
                0x0000000000000208                current_time::get_hours()
 .text._ZN12current_time11update_timeEv
                0x000000000000020c       0x54 current_time.o
                0x000000000000020c                current_time::update_time()
 .text          0x0000000000000260       0x24 switch_to.o
                0x0000000000000260                switch_from_to
 .text._ZN5hwlib7ostream7reverse10add_prefixERKS0_.part.2
                0x0000000000000284       0x4c rtos.o
 .text._ZN5hwlib7ostreamlsEc
                0x00000000000002d0        0xe rtos.o
                0x00000000000002d0                hwlib::ostream::operator<<(char)
 .text._ZN5hwliblsERNS_7ostreamEPKc
                0x00000000000002de       0x66 rtos.o
                0x00000000000002de                hwlib::operator<<(hwlib::ostream&, char const*)
 .text._ZN5hwliblsERNS_7ostreamEi
                0x0000000000000344       0x92 rtos.o
                0x0000000000000344                hwlib::operator<<(hwlib::ostream&, int)
 *fill*         0x00000000000003d6        0x2 
 .text._ZN4rtos9task_base7releaseEv
                0x00000000000003d8       0x24 rtos.o
                0x00000000000003d8                rtos::task_base::release()
 .text._ZN4rtos9task_base5blockEv
                0x00000000000003fc       0x70 rtos.o
                0x00000000000003fc                rtos::task_base::block()
 .text._ZN4rtos12waitable_set4waitEj
                0x000000000000046c       0x64 rtos.o
                0x000000000000046c                rtos::waitable_set::wait(unsigned int)
 .text._ZN5hwlib7wait_usEi
                0x00000000000004d0       0x3c rtos.o
                0x00000000000004d0                hwlib::wait_us(int)
 .text._ZN5hwlib7wait_msEi
                0x000000000000050c       0x16 rtos.o
                0x000000000000050c                hwlib::wait_ms(int)
 .text._ZN5hwlib20cout_using_uart_putc5flushEv
                0x0000000000000522        0x2 hwlib.o
                0x0000000000000522                hwlib::cout_using_uart_putc::flush()
 .text._ZN5hwlib6window20clear_implementationENS_5colorE
                0x0000000000000524       0x72 hwlib.o
                0x0000000000000524                hwlib::window::clear_implementation(hwlib::color)
 .text._ZN5hwlib6window5clearENS_5colorE
                0x0000000000000596       0x56 hwlib.o
                0x0000000000000596                hwlib::window::clear(hwlib::color)
 .text._ZN5hwlib5panicEPKcj
                0x00000000000005ec        0x2 hwlib.o
                0x00000000000005ec                hwlib::panic(char const*, unsigned int)
 *fill*         0x00000000000005ee        0x2 
 .text._ZN5hwlib10background18do_background_workEv
                0x00000000000005f0       0x3c hwlib.o
                0x00000000000005f0                hwlib::background::do_background_work()
 .text._ZN5hwlib6window5writeENS_2xyENS_5colorE
                0x000000000000062c       0x5c hwlib.o
                0x000000000000062c                hwlib::window::write(hwlib::xy, hwlib::color)
 .text._ZN5hwlib4line4drawERNS_6windowE
                0x0000000000000688       0xa2 hwlib.o
                0x0000000000000688                hwlib::line::draw(hwlib::window&)
 *fill*         0x000000000000072a        0x2 
 .text._ZN3due9uart_initEv
                0x000000000000072c       0x60 hwlib.o
                0x000000000000072c                due::uart_init()
 .text._ZN3due9uart_putcEc
                0x000000000000078c       0x20 hwlib.o
                0x000000000000078c                due::uart_putc(char)
 .text._ZN5hwlib20cout_using_uart_putc4putcEc
                0x00000000000007ac        0xa hwlib.o
                0x00000000000007ac                hwlib::cout_using_uart_putc::putc(char)
 .text._ZN5hwlib6now_usEv
                0x00000000000007b6       0x1c hwlib.o
                0x00000000000007b6                hwlib::now_us()
 .text._ZN5hwlib12wait_us_busyEi
                0x00000000000007d2       0x1c hwlib.o
                0x00000000000007d2                hwlib::wait_us_busy(int)
 .text._ZN5hwlib14i2c_primitives8read_ackEv
                0x00000000000007ee       0x10 main.o
                0x00000000000007ee                hwlib::i2c_primitives::read_ack()
 .text._ZN5hwlib14i2c_primitives9write_ackEv
                0x00000000000007fe        0x8 main.o
                0x00000000000007fe                hwlib::i2c_primitives::write_ack()
 .text._ZN5hwlib14i2c_primitives10write_nackEv
                0x0000000000000806        0x8 main.o
                0x0000000000000806                hwlib::i2c_primitives::write_nack()
 .text._ZN5hwlib14i2c_primitives5writeEh
                0x000000000000080e       0x1c main.o
                0x000000000000080e                hwlib::i2c_primitives::write(unsigned char)
 .text._ZN5hwlib14i2c_primitives5writeEPKhj
                0x000000000000082a       0x24 main.o
                0x000000000000082a                hwlib::i2c_primitives::write(unsigned char const*, unsigned int)
 .text._ZN5hwlib14i2c_primitives9read_byteEv
                0x000000000000084e       0x20 main.o
                0x000000000000084e                hwlib::i2c_primitives::read_byte()
 .text._ZN5hwlib14i2c_primitives4readEbPhj
                0x000000000000086e       0x36 main.o
                0x000000000000086e                hwlib::i2c_primitives::read(bool, unsigned char*, unsigned int)
 .text._ZN5hwlib29glcd_oled_i2c_128x64_buffered20write_implementationENS_2xyENS_5colorE
                0x00000000000008a4       0x64 main.o
                0x00000000000008a4                hwlib::glcd_oled_i2c_128x64_buffered::write_implementation(hwlib::xy, hwlib::color)
 .text._ZN3due6pin_oc4readEv
                0x0000000000000908       0x10 main.o
                0x0000000000000908                due::pin_oc::read()
 .text._ZN3due6pin_oc5writeEb
                0x0000000000000918       0x10 main.o
                0x0000000000000918                due::pin_oc::write(bool)
 .text._ZN3due6pin_oc5flushEv
                0x0000000000000928        0x2 main.o
                0x0000000000000928                due::pin_oc::flush()
 .text._ZN3due6pin_oc7refreshEv
                0x000000000000092a        0x2 main.o
                0x000000000000092a                due::pin_oc::refresh()
 .text._ZN5hwlib26i2c_bus_bit_banged_scl_sda16wait_half_periodEv.isra.7
                0x000000000000092c        0x6 main.o
 .text._ZN5hwlib26i2c_bus_bit_banged_scl_sda10write_stopEv
                0x0000000000000932       0x60 main.o
                0x0000000000000932                hwlib::i2c_bus_bit_banged_scl_sda::write_stop()
 .text._ZN5hwlib26i2c_bus_bit_banged_scl_sda11write_startEv
                0x0000000000000992       0x34 main.o
                0x0000000000000992                hwlib::i2c_bus_bit_banged_scl_sda::write_start()
 .text._ZN5hwlib26i2c_bus_bit_banged_scl_sda8read_bitEv
                0x00000000000009c6       0x68 main.o
                0x00000000000009c6                hwlib::i2c_bus_bit_banged_scl_sda::read_bit()
 .text._ZN5hwlib26i2c_bus_bit_banged_scl_sda9write_bitEb
                0x0000000000000a2e       0x52 main.o
                0x0000000000000a2e                hwlib::i2c_bus_bit_banged_scl_sda::write_bit(bool)
 .text._ZN5hwlib21i2c_write_transactionC2ERNS_14i2c_primitivesEj
                0x0000000000000a80       0x24 main.o
                0x0000000000000a80                hwlib::i2c_write_transaction::i2c_write_transaction(hwlib::i2c_primitives&, unsigned int)
                0x0000000000000a80                hwlib::i2c_write_transaction::i2c_write_transaction(hwlib::i2c_primitives&, unsigned int)
 .text._ZN5hwlib21i2c_write_transaction5writeEPKhj
                0x0000000000000aa4        0x8 main.o
                0x0000000000000aa4                hwlib::i2c_write_transaction::write(unsigned char const*, unsigned int)
 .text._ZN5hwlib21i2c_write_transactionD2Ev
                0x0000000000000aac       0x18 main.o
                0x0000000000000aac                hwlib::i2c_write_transaction::~i2c_write_transaction()
                0x0000000000000aac                hwlib::i2c_write_transaction::~i2c_write_transaction()
 .text._ZN5hwlib11ssd1306_i2c7commandENS_16ssd1306_commandsEhh
                0x0000000000000ac4       0x3c main.o
                0x0000000000000ac4                hwlib::ssd1306_i2c::command(hwlib::ssd1306_commands, unsigned char, unsigned char)
 .text._ZN5hwlib29glcd_oled_i2c_128x64_buffered5flushEv
                0x0000000000000b00       0x58 main.o
                0x0000000000000b00                hwlib::glcd_oled_i2c_128x64_buffered::flush()
 .text._ZN3due6pin_ocC2ENS_4pinsE
                0x0000000000000b58       0x34 main.o
                0x0000000000000b58                due::pin_oc::pin_oc(due::pins)
                0x0000000000000b58                due::pin_oc::pin_oc(due::pins)
 .text.startup.main
                0x0000000000000b8c      0x22c main.o
                0x0000000000000b8c                main
 .text.__startup
                0x0000000000000db8       0x48 bmptk_cortex.o
                0x0000000000000db8                __startup
 .text          0x0000000000000e00      0x378 /usr/bin/../lib/gcc/arm-none-eabi/7.3.1/thumb/v7-m/libgcc.a(_arm_addsubdf3.o)
                0x0000000000000e00                __aeabi_drsub
                0x0000000000000e08                __aeabi_dsub
                0x0000000000000e08                __subdf3
                0x0000000000000e0c                __adddf3
                0x0000000000000e0c                __aeabi_dadd
                0x0000000000001084                __aeabi_ui2d
                0x0000000000001084                __floatunsidf
                0x00000000000010a4                __floatsidf
                0x00000000000010a4                __aeabi_i2d
                0x00000000000010c8                __extendsfdf2
                0x00000000000010c8                __aeabi_f2d
                0x000000000000110c                __aeabi_ul2d
                0x000000000000110c                __floatundidf
                0x000000000000111c                __floatdidf
                0x000000000000111c                __aeabi_l2d
 .text          0x0000000000001178      0x424 /usr/bin/../lib/gcc/arm-none-eabi/7.3.1/thumb/v7-m/libgcc.a(_arm_muldivdf3.o)
                0x0000000000001178                __aeabi_dmul
                0x0000000000001178                __muldf3
                0x00000000000013cc                __aeabi_ddiv
                0x00000000000013cc                __divdf3
 .text          0x000000000000159c       0x50 /usr/bin/../lib/gcc/arm-none-eabi/7.3.1/thumb/v7-m/libgcc.a(_arm_fixdfsi.o)
                0x000000000000159c                __fixdfsi
                0x000000000000159c                __aeabi_d2iz
 .text          0x00000000000015ec       0x30 /usr/bin/../lib/gcc/arm-none-eabi/7.3.1/thumb/v7-m/libgcc.a(_aeabi_uldivmod.o)
                0x00000000000015ec                __aeabi_uldivmod
 .text          0x000000000000161c      0x2d0 /usr/bin/../lib/gcc/arm-none-eabi/7.3.1/thumb/v7-m/libgcc.a(_udivmoddi4.o)
                0x000000000000161c                __udivmoddi4
 .text          0x00000000000018ec        0x4 /usr/bin/../lib/gcc/arm-none-eabi/7.3.1/thumb/v7-m/libgcc.a(_dvmd_tls.o)
                0x00000000000018ec                __aeabi_ldiv0
 .text          0x00000000000018f0       0xec /usr/bin/../lib/gcc/arm-none-eabi/7.3.1/../../../../arm-none-eabi/lib/thumb/v7-m/libc.a(lib_a-memcpy.o)
                0x00000000000018f0                memcpy
                0x00000000000019dc                . = ALIGN (0x4)
 *(.glue_7t .glue_7)
 .glue_7        0x00000000000019dc        0x0 linker stubs
 .glue_7t       0x00000000000019dc        0x0 linker stubs
                0x00000000000019dc                . = ALIGN (0x4)
 *(.rodata .rodata.* .gnu.linkonce.r.*)
 .rodata._ZN3due8pin_infoENS_4pinsE.str1.1
                0x00000000000019dc       0x33 print_clock.o
 .rodata._ZZN3due8pin_infoENS_4pinsEE14pin_info_array
                0x0000000000001a0f       0xa4 print_clock.o
 .rodata._ZN4rtos9task_base5blockEv.str1.1
                0x0000000000001ab3       0x4b rtos.o
 *fill*         0x0000000000001afe        0x2 
 .rodata._ZTVN5hwlib20cout_using_uart_putcE
                0x0000000000001b00       0x10 hwlib.o
                0x0000000000001b00                vtable for hwlib::cout_using_uart_putc
 .rodata._ZTVN5hwlib4lineE
                0x0000000000001b10        0xc hwlib.o
                0x0000000000001b10                vtable for hwlib::line
 .rodata._ZTVN5hwlib26i2c_bus_bit_banged_scl_sdaE
                0x0000000000001b1c       0x34 main.o
                0x0000000000001b1c                vtable for hwlib::i2c_bus_bit_banged_scl_sda
 .rodata._ZTVN5hwlib29glcd_oled_i2c_128x64_bufferedE
                0x0000000000001b50       0x18 main.o
                0x0000000000001b50                vtable for hwlib::glcd_oled_i2c_128x64_buffered
 .rodata._ZTVN3due6pin_ocE
                0x0000000000001b68       0x18 main.o
                0x0000000000001b68                vtable for due::pin_oc
 .rodata        0x0000000000001b80      0xb40 main.o
 .rodata._ZN5hwlibL11unspecifiedE
                0x00000000000026c0        0x4 main.o
 .rodata._ZN5hwlibL22ssd1306_initializationE
                0x00000000000026c4       0x29 main.o
 .rodata.main.str1.1
                0x00000000000026ed        0x4 main.o
                0x00000000000026f4                . = ALIGN (0x4)
 *fill*         0x00000000000026f1        0x3 
 *(.ARM.extab* .gnu.linkonce.armextab.*)
                0x00000000000026f4                . = ALIGN (0x4)
 *(.gcc_except_table)
                0x00000000000026f4                . = ALIGN (0x4)
 *(.eh_frame_hdr)
                0x00000000000026f4                . = ALIGN (0x4)
 *(.eh_frame)
                0x00000000000026f4                . = ALIGN (0x4)
                0x00000000000026f4                __text_end = .
                [!provide]                        PROVIDE (__text_end = __text_end)

.vfp11_veneer   0x00000000000026f4        0x0
 .vfp11_veneer  0x00000000000026f4        0x0 linker stubs

.v4_bx          0x00000000000026f4        0x0
 .v4_bx         0x00000000000026f4        0x0 linker stubs

.iplt           0x00000000000026f4        0x0
 .iplt          0x00000000000026f4        0x0 print_clock.o

.IF_YOU_SEE_THIS_YOU_HAVE_ONE_OR_MORE_GLOBAL_OBJECT_CONSTRUCTORS
 *(.init)
 *(.preinit_array)
 *(SORT_BY_NAME(.init_array.*))
 *(.init_array)
                0x00000000000026f4                . = ALIGN (0x4)
                0x00000000000026f4                __exidx_start = .
                [!provide]                        PROVIDE (__exidx_start = __exidx_start)

.ARM.exidx      0x00000000000026f4        0x8
 *(.ARM.exidx* .gnu.linkonce.armexidx.*)
 .ARM.exidx     0x00000000000026f4        0x8 /usr/bin/../lib/gcc/arm-none-eabi/7.3.1/thumb/v7-m/libgcc.a(_udivmoddi4.o)

.rel.dyn        0x00000000000026fc        0x0
 .rel.iplt      0x00000000000026fc        0x0 print_clock.o
                0x00000000000026fc                . = ALIGN (0x4)
                0x00000000000026fc                __exidx_end = .
                [!provide]                        PROVIDE (__exidx_end = __exidx_end)

.bss            0x0000000020000000    0x1402c
                0x0000000020000000                . = ALIGN (0x4)
                0x0000000020000000                __stack_start = .
                [!provide]                        PROVIDE (__stack_start = __stack_start)
                0x0000000020000000                . = ALIGN (0x4)
 *(.bmptk_stack)
 .bmptk_stack   0x0000000020000000    0x14000 bmptk_fixed_size_stack.o
                0x0000000020000000                bmptk_stack
                0x0000000020014000                . = ALIGN (0x8)
                0x0000000020014000                __main_stack_end = .
                [!provide]                        PROVIDE (__main_stack_end = __main_stack_end)
                0x0000000020014000                . = ALIGN (0x4)
                0x0000000020014000                __stack_end = .
                [!provide]                        PROVIDE (__stack_end = __stack_end)
                0x0000000020014000                . = ALIGN (0x4)
                0x0000000020014000                __bss_start = .
                [!provide]                        PROVIDE (__bss_start = __bss_start)
                0x0000000020014000                . = ALIGN (0x4)
 *(.bss .bss.* .gnu.linkonce.b.*)
 .bss._ZZN3due9now_ticksEvE4high
                0x0000000020014000        0x8 print_clock.o
 .bss._ZZN3due9now_ticksEvE8last_low
                0x0000000020014008        0x4 print_clock.o
 .bss._ZZN3due9now_ticksEvE9init_done
                0x000000002001400c        0x1 print_clock.o
 *fill*         0x000000002001400d        0x3 
 .bss._ZN17coroutine_context7main_spE
                0x0000000020014010        0x4 coroutine.o
                0x0000000020014010                coroutine_context::main_sp
 .bss._ZN4rtos17rtos_current_taskE
                0x0000000020014014        0x4 rtos.o
                0x0000000020014014                rtos::rtos_current_task
 .bss._ZN4rtos17scheduler_runningE
                0x0000000020014018        0x1 rtos.o
                0x0000000020014018                rtos::scheduler_running
 *fill*         0x0000000020014019        0x3 
 .bss._ZN4rtos5flagsE
                0x000000002001401c        0x4 rtos.o
                0x000000002001401c                rtos::flags
 .bss._ZN5hwlib10background5firstE
                0x0000000020014020        0x4 hwlib.o
                0x0000000020014020                hwlib::background::first
 .bss._ZN5hwlib10background7currentE
                0x0000000020014024        0x4 hwlib.o
                0x0000000020014024                hwlib::background::current
 .bss._ZN5hwlib10background7runningE
                0x0000000020014028        0x1 hwlib.o
                0x0000000020014028                hwlib::background::running
 .bss._ZZN3due9uart_initEvE9init_done
                0x0000000020014029        0x1 hwlib.o
                0x000000002001402c                . = ALIGN (0x4)
 *fill*         0x000000002001402a        0x2 
 *(COMMON)
                0x000000002001402c                . = ALIGN (0x4)
                0x000000002001402c                __bss_end = .
                [!provide]                        PROVIDE (__bss_end = __bss_end)

.data           0x000000002001402c       0x20 load address 0x00000000000026fc
                0x000000002001402c                . = ALIGN (0x4)
                0x00000000000026fc                __data_init_start = LOADADDR (.data)
                [!provide]                        PROVIDE (__data_init_start = __data_init_start)
                0x000000002001402c                __data_start = .
                [!provide]                        PROVIDE (__data_start = __data_start)
                0x000000002001402c                . = ALIGN (0x4)
 *(.data .data.* .gnu.linkonce.d.*)
 .data._ZN6sam3xa15SystemCoreClockE
                0x000000002001402c        0x4 print_clock.o
                0x000000002001402c                sam3xa::SystemCoreClock
 .data._ZN17coroutine_context24current_coroutine_sp_ptrE
                0x0000000020014030        0x4 coroutine.o
                0x0000000020014030                coroutine_context::current_coroutine_sp_ptr
 .data._ZN3due7hw_uartE
                0x0000000020014034        0x4 hwlib.o
                0x0000000020014034                due::hw_uart
 .data._ZN5hwlib4coutE
                0x0000000020014038       0x14 hwlib.o
                0x0000000020014038                hwlib::cout
                0x000000002001404c                . = ALIGN (0x4)
                0x000000002001404c                __data_end = .
                [!provide]                        PROVIDE (__data_end = __data_end)
                0x00000000000026fc                __data_init_end = LOADADDR (.data)
                [!provide]                        PROVIDE (__data_init_end = __data_init_end)
                [!provide]                        PROVIDE (__data_size = (__data_end - __data_start))
                [!provide]                        PROVIDE (__data_init_size = __data_size)
                [!provide]                        PROVIDE (__data_init_end = (__data_init_start + __data_init_size))

.igot.plt       0x000000002001404c        0x0 load address 0x000000000000271c
 .igot.plt      0x000000002001404c        0x0 print_clock.o
                0x000000002001404c                . = ALIGN (0x4)
                0x000000002001404c                __heap_start = .
                [!provide]                        PROVIDE (__heap_start = __heap_start)
                0x000000002001404c                . = ALIGN (0x4)
                0x0000000020018000                __heap_end = __ram_end
                [!provide]                        PROVIDE (__heap_end = __heap_end)

.stab
 *(.stab)

.stabstr
 *(.stabstr)

.debug
 *(.debug)

.line
 *(.line)

.debug_srcinfo
 *(.debug_srcinfo)

.debug_sfnames
 *(.debug_sfnames)

.debug_aranges
 *(.debug_aranges)

.debug_pubnames
 *(.debug_pubnames)

.debug_info
 *(.debug_info .gnu.linkonce.wi.*)

.debug_abbrev
 *(.debug_abbrev)

.debug_line
 *(.debug_line)

.debug_frame    0x0000000000000000      0x180
 *(.debug_frame)
 .debug_frame   0x0000000000000000       0xac /usr/bin/../lib/gcc/arm-none-eabi/7.3.1/thumb/v7-m/libgcc.a(_arm_addsubdf3.o)
 .debug_frame   0x00000000000000ac       0x50 /usr/bin/../lib/gcc/arm-none-eabi/7.3.1/thumb/v7-m/libgcc.a(_arm_muldivdf3.o)
 .debug_frame   0x00000000000000fc       0x24 /usr/bin/../lib/gcc/arm-none-eabi/7.3.1/thumb/v7-m/libgcc.a(_arm_fixdfsi.o)
 .debug_frame   0x0000000000000120       0x2c /usr/bin/../lib/gcc/arm-none-eabi/7.3.1/thumb/v7-m/libgcc.a(_aeabi_uldivmod.o)
 .debug_frame   0x000000000000014c       0x34 /usr/bin/../lib/gcc/arm-none-eabi/7.3.1/thumb/v7-m/libgcc.a(_udivmoddi4.o)

.comment        0x0000000000000000       0x7f
 .comment       0x0000000000000000       0x7f print_clock.o
                                         0x80 (size before relaxing)
 .comment       0x000000000000007f       0x80 current_time.o
 .comment       0x000000000000007f       0x80 coroutine.o
 .comment       0x000000000000007f       0x80 rtos.o
 .comment       0x000000000000007f       0x80 hwlib.o
 .comment       0x000000000000007f       0x80 main.o
 .comment       0x000000000000007f       0x80 bmptk_cortex.o
 .comment       0x000000000000007f       0x80 bmptk_fixed_size_stack.o

.debug_str
 *(.debug_str)

.debug_loc
 *(.debug_loc)

.debug_macinfo
 *(.debug_macinfo)

.debug_weaknames
 *(.debug_weaknames)

.debug_funcnames
 *(.debug_funcnames)

.debug_typenames
 *(.debug_typenames)

.debug_varnames
 *(.debug_varnames)

.note.gnu.arm.ident
 *(.note.gnu.arm.ident)

.ARM.attributes
                0x0000000000000000       0x31
 *(.ARM.attributes)
 .ARM.attributes
                0x0000000000000000       0x33 print_clock.o
 .ARM.attributes
                0x0000000000000033       0x33 current_time.o
 .ARM.attributes
                0x0000000000000066       0x21 switch_to.o
 .ARM.attributes
                0x0000000000000087       0x33 coroutine.o
 .ARM.attributes
                0x00000000000000ba       0x33 rtos.o
 .ARM.attributes
                0x00000000000000ed       0x33 hwlib.o
 .ARM.attributes
                0x0000000000000120       0x33 main.o
 .ARM.attributes
                0x0000000000000153       0x33 bmptk_cortex.o
 .ARM.attributes
                0x0000000000000186       0x33 bmptk_heap_bmptk.o
 .ARM.attributes
                0x00000000000001b9       0x33 bmptk_fixed_size_stack.o
 .ARM.attributes
                0x00000000000001ec       0x1d /usr/bin/../lib/gcc/arm-none-eabi/7.3.1/thumb/v7-m/libgcc.a(_arm_addsubdf3.o)
 .ARM.attributes
                0x0000000000000209       0x1d /usr/bin/../lib/gcc/arm-none-eabi/7.3.1/thumb/v7-m/libgcc.a(_arm_muldivdf3.o)
 .ARM.attributes
                0x0000000000000226       0x1d /usr/bin/../lib/gcc/arm-none-eabi/7.3.1/thumb/v7-m/libgcc.a(_arm_fixdfsi.o)
 .ARM.attributes
                0x0000000000000243       0x1d /usr/bin/../lib/gcc/arm-none-eabi/7.3.1/thumb/v7-m/libgcc.a(_aeabi_ldivmod.o)
 .ARM.attributes
                0x0000000000000260       0x1d /usr/bin/../lib/gcc/arm-none-eabi/7.3.1/thumb/v7-m/libgcc.a(_aeabi_uldivmod.o)
 .ARM.attributes
                0x000000000000027d       0x2d /usr/bin/../lib/gcc/arm-none-eabi/7.3.1/thumb/v7-m/libgcc.a(_udivmoddi4.o)
 .ARM.attributes
                0x00000000000002aa       0x1d /usr/bin/../lib/gcc/arm-none-eabi/7.3.1/thumb/v7-m/libgcc.a(_dvmd_tls.o)
 .ARM.attributes
                0x00000000000002c7       0x1b /usr/bin/../lib/gcc/arm-none-eabi/7.3.1/../../../../arm-none-eabi/lib/thumb/v7-m/libc.a(lib_a-memcpy.o)

/DISCARD/
 *(.note.GNU-stack)
                [!provide]                        PROVIDE (__text_size = (__text_end - __text_start))
                [!provide]                        PROVIDE (__exidx_size = (__exidx_end - __exidx_start))
                [!provide]                        PROVIDE (__bss_size = (__bss_end - __bss_start))
                [!provide]                        PROVIDE (__stack_size = (__stack_end - __stack_start))
                [!provide]                        PROVIDE (__heap_size = (__heap_end - __heap_start))
OUTPUT(main.elf elf32-littlearm)
